// Jest Snapshot v1, https://goo.gl/fbAQLP

exports[`Global Style should match snapshot 1`] = `
<head>
  <style
    data-styled="active"
    data-styled-version="6.1.16"
  />
</head>
`;
